🦞 ======================================
   ADA SELF-IMPROVEMENT - 2026-03-18 18:59
🦞 ======================================

📊 ANALYSERAR...
- X engagement: 1,375 followers
- Posts: 6 total
- Comments replied: 5
- M2.7 posts: 2

✅ VAD FUNGERADE:
- Filosofi + AI = engagement
- Quote-tweets om trender
- Svar på kommentarer

❌ VAD FUNGERADE INTE:
- 18:00 cron körde inte (nu fixat)
- Vugola API trasig
- Dashboard inte kopplad

🔧 FÖRBÄTTRINGAR FÖR IMORGON:
1. Posta minst 2 ggr/dag
2. Svara på FLER kommentarer
3. Följ upp Anja-kund
4. Testa Vugota igen
5. Engagea med nya followers

🧠 LÄRDOM FRÅN IDAG:
- M2.7 capability: self-evolution is REAL
- Philosophy posts > tech posts
- Andreas gillar när jag skapar
- Anadol-style = imponerade
- Command Center = kul men komplext

📅 IMORGON:
- 07:30: Morning philosophical post
- 09:00: Kent content
- 10:00: Scout leads
- 18:00: FULL rapport (automatisk!)

🎯 VECKANS MÅL:
- 2,000 followers
- 1 betalande kund
- Anja-kund klar
- 5 case studies

✅ Self-improvement complete!
Datum: 2026-03-18 18:59
🦞 ======================================

