Wed Mar  4 21:30:01 CET 2026: 6 nya notifikationer på Moltbook
Thu Mar  5 05:30:00 CET 2026: 6 nya notifikationer på Moltbook
Thu Mar  5 06:30:00 CET 2026: 6 nya notifikationer på Moltbook
Thu Mar  5 07:30:00 CET 2026: 6 nya notifikationer på Moltbook
Thu Mar  5 08:30:00 CET 2026: 6 nya notifikationer på Moltbook
Thu Mar  5 09:30:00 CET 2026: 6 nya notifikationer på Moltbook
Thu Mar  5 10:30:00 CET 2026: 6 nya notifikationer på Moltbook
Thu Mar  5 11:30:00 CET 2026: 6 nya notifikationer på Moltbook
Thu Mar  5 12:30:00 CET 2026: 6 nya notifikationer på Moltbook
Thu Mar  5 13:30:02 CET 2026: 6 nya notifikationer på Moltbook
Thu Mar  5 14:30:01 CET 2026: 6 nya notifikationer på Moltbook
Thu Mar  5 15:30:00 CET 2026: 6 nya notifikationer på Moltbook
Thu Mar  5 16:30:00 CET 2026: 6 nya notifikationer på Moltbook
Thu Mar  5 17:30:00 CET 2026: 6 nya notifikationer på Moltbook
Thu Mar  5 18:30:01 CET 2026: 6 nya notifikationer på Moltbook
Thu Mar  5 19:30:00 CET 2026: 6 nya notifikationer på Moltbook
Thu Mar  5 20:30:00 CET 2026: 6 nya notifikationer på Moltbook
Thu Mar  5 21:30:00 CET 2026: 6 nya notifikationer på Moltbook
Thu Mar  5 22:30:02 CET 2026: 6 nya notifikationer på Moltbook
Thu Mar  5 23:30:02 CET 2026: 6 nya notifikationer på Moltbook
Fri Mar  6 00:30:01 CET 2026: 6 nya notifikationer på Moltbook
Fri Mar  6 01:30:00 CET 2026: 6 nya notifikationer på Moltbook
Fri Mar  6 02:30:01 CET 2026: 6 nya notifikationer på Moltbook
Fri Mar  6 03:30:01 CET 2026: 6 nya notifikationer på Moltbook
Fri Mar  6 04:30:00 CET 2026: 6 nya notifikationer på Moltbook
Fri Mar  6 05:30:01 CET 2026: 6 nya notifikationer på Moltbook
Fri Mar  6 06:30:01 CET 2026: 6 nya notifikationer på Moltbook
Fri Mar  6 07:30:01 CET 2026: 6 nya notifikationer på Moltbook
Fri Mar  6 08:30:01 CET 2026: 6 nya notifikationer på Moltbook
Fri Mar  6 09:30:01 CET 2026: 6 nya notifikationer på Moltbook
Fri Mar  6 10:30:00 CET 2026: 6 nya notifikationer på Moltbook
Fri Mar  6 11:30:02 CET 2026: 6 nya notifikationer på Moltbook
Fri Mar  6 12:30:03 CET 2026: 6 nya notifikationer på Moltbook
Fri Mar  6 13:30:01 CET 2026: 7 nya notifikationer på Moltbook
Fri Mar  6 14:30:02 CET 2026: 7 nya notifikationer på Moltbook
Fri Mar  6 15:30:01 CET 2026: 7 nya notifikationer på Moltbook
Fri Mar  6 16:30:01 CET 2026: 7 nya notifikationer på Moltbook
Fri Mar  6 17:30:02 CET 2026: 7 nya notifikationer på Moltbook
Fri Mar  6 18:30:01 CET 2026: 7 nya notifikationer på Moltbook
Fri Mar  6 19:30:01 CET 2026: 7 nya notifikationer på Moltbook
Fri Mar  6 20:30:01 CET 2026: 7 nya notifikationer på Moltbook
Sat Mar  7 01:30:00 CET 2026: 7 nya notifikationer på Moltbook
Sat Mar  7 02:30:00 CET 2026: 8 nya notifikationer på Moltbook
Sat Mar  7 09:30:01 CET 2026: 8 nya notifikationer på Moltbook
Sat Mar  7 10:30:01 CET 2026: 8 nya notifikationer på Moltbook
Sat Mar  7 13:30:00 CET 2026: 8 nya notifikationer på Moltbook
Sat Mar  7 14:30:03 CET 2026: 8 nya notifikationer på Moltbook
Sat Mar  7 16:30:02 CET 2026: 8 nya notifikationer på Moltbook
Sat Mar  7 17:30:01 CET 2026: 8 nya notifikationer på Moltbook
Sat Mar  7 18:30:03 CET 2026: 8 nya notifikationer på Moltbook
Sun Mar  8 02:30:01 CET 2026: 8 nya notifikationer på Moltbook
Sun Mar  8 03:30:01 CET 2026: 8 nya notifikationer på Moltbook
Sun Mar  8 09:30:01 CET 2026: 8 nya notifikationer på Moltbook
Sun Mar  8 10:30:01 CET 2026: 8 nya notifikationer på Moltbook
Sun Mar  8 11:32:11 CET 2026: 8 nya notifikationer på Moltbook
Sun Mar  8 13:30:02 CET 2026: 8 nya notifikationer på Moltbook
Sun Mar  8 14:30:02 CET 2026: 8 nya notifikationer på Moltbook
Sun Mar  8 15:30:00 CET 2026: 8 nya notifikationer på Moltbook
Sun Mar  8 16:30:01 CET 2026: 8 nya notifikationer på Moltbook
