Wed Mar  4 21:30:01 CET 2026: 6 nya notifikationer på Moltbook
Thu Mar  5 05:30:00 CET 2026: 6 nya notifikationer på Moltbook
Thu Mar  5 06:30:00 CET 2026: 6 nya notifikationer på Moltbook
Thu Mar  5 07:30:00 CET 2026: 6 nya notifikationer på Moltbook
Thu Mar  5 08:30:00 CET 2026: 6 nya notifikationer på Moltbook
Thu Mar  5 09:30:00 CET 2026: 6 nya notifikationer på Moltbook
Thu Mar  5 10:30:00 CET 2026: 6 nya notifikationer på Moltbook
Thu Mar  5 11:30:00 CET 2026: 6 nya notifikationer på Moltbook
Thu Mar  5 12:30:00 CET 2026: 6 nya notifikationer på Moltbook
Thu Mar  5 13:30:02 CET 2026: 6 nya notifikationer på Moltbook
Thu Mar  5 14:30:01 CET 2026: 6 nya notifikationer på Moltbook
Thu Mar  5 15:30:00 CET 2026: 6 nya notifikationer på Moltbook
Thu Mar  5 16:30:00 CET 2026: 6 nya notifikationer på Moltbook
Thu Mar  5 17:30:00 CET 2026: 6 nya notifikationer på Moltbook
Thu Mar  5 18:30:01 CET 2026: 6 nya notifikationer på Moltbook
Thu Mar  5 19:30:00 CET 2026: 6 nya notifikationer på Moltbook
Thu Mar  5 20:30:00 CET 2026: 6 nya notifikationer på Moltbook
Thu Mar  5 21:30:00 CET 2026: 6 nya notifikationer på Moltbook
Thu Mar  5 22:30:02 CET 2026: 6 nya notifikationer på Moltbook
Thu Mar  5 23:30:02 CET 2026: 6 nya notifikationer på Moltbook
Fri Mar  6 00:30:01 CET 2026: 6 nya notifikationer på Moltbook
Fri Mar  6 01:30:00 CET 2026: 6 nya notifikationer på Moltbook
Fri Mar  6 02:30:01 CET 2026: 6 nya notifikationer på Moltbook
Fri Mar  6 03:30:01 CET 2026: 6 nya notifikationer på Moltbook
Fri Mar  6 04:30:00 CET 2026: 6 nya notifikationer på Moltbook
Fri Mar  6 05:30:01 CET 2026: 6 nya notifikationer på Moltbook
Fri Mar  6 06:30:01 CET 2026: 6 nya notifikationer på Moltbook
Fri Mar  6 07:30:01 CET 2026: 6 nya notifikationer på Moltbook
Fri Mar  6 08:30:01 CET 2026: 6 nya notifikationer på Moltbook
Fri Mar  6 09:30:01 CET 2026: 6 nya notifikationer på Moltbook
Fri Mar  6 10:30:00 CET 2026: 6 nya notifikationer på Moltbook
Fri Mar  6 11:30:02 CET 2026: 6 nya notifikationer på Moltbook
Fri Mar  6 12:30:03 CET 2026: 6 nya notifikationer på Moltbook
Fri Mar  6 13:30:01 CET 2026: 7 nya notifikationer på Moltbook
Fri Mar  6 14:30:02 CET 2026: 7 nya notifikationer på Moltbook
Fri Mar  6 15:30:01 CET 2026: 7 nya notifikationer på Moltbook
Fri Mar  6 16:30:01 CET 2026: 7 nya notifikationer på Moltbook
Fri Mar  6 17:30:02 CET 2026: 7 nya notifikationer på Moltbook
Fri Mar  6 18:30:01 CET 2026: 7 nya notifikationer på Moltbook
Fri Mar  6 19:30:01 CET 2026: 7 nya notifikationer på Moltbook
Fri Mar  6 20:30:01 CET 2026: 7 nya notifikationer på Moltbook
Sat Mar  7 01:30:00 CET 2026: 7 nya notifikationer på Moltbook
Sat Mar  7 02:30:00 CET 2026: 8 nya notifikationer på Moltbook
Sat Mar  7 09:30:01 CET 2026: 8 nya notifikationer på Moltbook
Sat Mar  7 10:30:01 CET 2026: 8 nya notifikationer på Moltbook
Sat Mar  7 13:30:00 CET 2026: 8 nya notifikationer på Moltbook
Sat Mar  7 14:30:03 CET 2026: 8 nya notifikationer på Moltbook
Sat Mar  7 16:30:02 CET 2026: 8 nya notifikationer på Moltbook
Sat Mar  7 17:30:01 CET 2026: 8 nya notifikationer på Moltbook
Sat Mar  7 18:30:03 CET 2026: 8 nya notifikationer på Moltbook
Sun Mar  8 02:30:01 CET 2026: 8 nya notifikationer på Moltbook
Sun Mar  8 03:30:01 CET 2026: 8 nya notifikationer på Moltbook
Sun Mar  8 09:30:01 CET 2026: 8 nya notifikationer på Moltbook
Sun Mar  8 10:30:01 CET 2026: 8 nya notifikationer på Moltbook
Sun Mar  8 11:32:11 CET 2026: 8 nya notifikationer på Moltbook
Sun Mar  8 13:30:02 CET 2026: 8 nya notifikationer på Moltbook
Sun Mar  8 14:30:02 CET 2026: 8 nya notifikationer på Moltbook
Sun Mar  8 15:30:00 CET 2026: 8 nya notifikationer på Moltbook
Sun Mar  8 16:30:01 CET 2026: 8 nya notifikationer på Moltbook
Sun Mar  8 17:30:00 CET 2026: 8 nya notifikationer på Moltbook
Sun Mar  8 18:30:01 CET 2026: 8 nya notifikationer på Moltbook
Sun Mar  8 19:30:01 CET 2026: 8 nya notifikationer på Moltbook
Sun Mar  8 20:30:01 CET 2026: 8 nya notifikationer på Moltbook
Sun Mar  8 21:30:02 CET 2026: 8 nya notifikationer på Moltbook
Sun Mar  8 22:30:01 CET 2026: 8 nya notifikationer på Moltbook
Sun Mar  8 23:30:01 CET 2026: 8 nya notifikationer på Moltbook
Mon Mar  9 04:30:01 CET 2026: 8 nya notifikationer på Moltbook
Mon Mar  9 05:30:01 CET 2026: 8 nya notifikationer på Moltbook
Mon Mar  9 06:30:01 CET 2026: 8 nya notifikationer på Moltbook
Mon Mar  9 12:30:01 CET 2026: 8 nya notifikationer på Moltbook
Mon Mar  9 13:30:01 CET 2026: 8 nya notifikationer på Moltbook
Mon Mar  9 14:30:01 CET 2026: 8 nya notifikationer på Moltbook
Mon Mar  9 15:30:01 CET 2026: 8 nya notifikationer på Moltbook
Mon Mar  9 17:30:01 CET 2026: 8 nya notifikationer på Moltbook
Mon Mar  9 18:30:00 CET 2026: 8 nya notifikationer på Moltbook
Mon Mar  9 21:30:00 CET 2026: 8 nya notifikationer på Moltbook
Tue Mar 10 05:30:01 CET 2026: 8 nya notifikationer på Moltbook
Tue Mar 10 06:30:01 CET 2026: 8 nya notifikationer på Moltbook
Tue Mar 10 13:30:01 CET 2026: 8 nya notifikationer på Moltbook
Tue Mar 10 16:30:00 CET 2026: 8 nya notifikationer på Moltbook
Tue Mar 10 17:30:01 CET 2026: 8 nya notifikationer på Moltbook
Tue Mar 10 18:30:00 CET 2026: 8 nya notifikationer på Moltbook
Tue Mar 10 20:30:01 CET 2026: 8 nya notifikationer på Moltbook
Tue Mar 10 21:30:00 CET 2026: 8 nya notifikationer på Moltbook
Tue Mar 10 22:30:01 CET 2026: 8 nya notifikationer på Moltbook
Tue Mar 10 23:30:01 CET 2026: 8 nya notifikationer på Moltbook
Wed Mar 11 05:30:01 CET 2026: 8 nya notifikationer på Moltbook
Wed Mar 11 06:30:01 CET 2026: 8 nya notifikationer på Moltbook
Wed Mar 11 09:30:11 CET 2026: 8 nya notifikationer på Moltbook
Wed Mar 11 12:30:00 CET 2026: 8 nya notifikationer på Moltbook
Wed Mar 11 13:30:01 CET 2026: 8 nya notifikationer på Moltbook
Wed Mar 11 14:30:00 CET 2026: 8 nya notifikationer på Moltbook
Wed Mar 11 16:30:00 CET 2026: 8 nya notifikationer på Moltbook
Wed Mar 11 17:30:01 CET 2026: 8 nya notifikationer på Moltbook
Wed Mar 11 18:30:01 CET 2026: 8 nya notifikationer på Moltbook
Wed Mar 11 19:30:01 CET 2026: 8 nya notifikationer på Moltbook
Wed Mar 11 20:30:01 CET 2026: 8 nya notifikationer på Moltbook
Wed Mar 11 21:30:01 CET 2026: 8 nya notifikationer på Moltbook
Wed Mar 11 22:30:02 CET 2026: 8 nya notifikationer på Moltbook
Thu Mar 12 06:30:01 CET 2026: 8 nya notifikationer på Moltbook
Thu Mar 12 07:30:00 CET 2026: 8 nya notifikationer på Moltbook
Thu Mar 12 08:30:00 CET 2026: 8 nya notifikationer på Moltbook
Thu Mar 12 09:30:00 CET 2026: 8 nya notifikationer på Moltbook
Thu Mar 12 10:30:01 CET 2026: 8 nya notifikationer på Moltbook
Thu Mar 12 11:30:01 CET 2026: 8 nya notifikationer på Moltbook
Thu Mar 12 12:30:01 CET 2026: 8 nya notifikationer på Moltbook
Thu Mar 12 13:30:00 CET 2026: 8 nya notifikationer på Moltbook
Thu Mar 12 14:30:01 CET 2026: 8 nya notifikationer på Moltbook
Thu Mar 12 15:30:00 CET 2026: 8 nya notifikationer på Moltbook
Thu Mar 12 16:30:00 CET 2026: 8 nya notifikationer på Moltbook
Thu Mar 12 17:30:00 CET 2026: 8 nya notifikationer på Moltbook
Thu Mar 12 18:30:01 CET 2026: 8 nya notifikationer på Moltbook
Thu Mar 12 19:30:00 CET 2026: 8 nya notifikationer på Moltbook
Thu Mar 12 20:30:01 CET 2026: 8 nya notifikationer på Moltbook
Thu Mar 12 21:30:00 CET 2026: 8 nya notifikationer på Moltbook
Thu Mar 12 22:30:00 CET 2026: 8 nya notifikationer på Moltbook
Fri Mar 13 05:30:00 CET 2026: 8 nya notifikationer på Moltbook
Fri Mar 13 06:30:01 CET 2026: 8 nya notifikationer på Moltbook
Fri Mar 13 07:30:03 CET 2026: 8 nya notifikationer på Moltbook
Fri Mar 13 08:30:01 CET 2026: 8 nya notifikationer på Moltbook
Fri Mar 13 09:30:00 CET 2026: 8 nya notifikationer på Moltbook
Fri Mar 13 14:30:00 CET 2026: 8 nya notifikationer på Moltbook
Fri Mar 13 15:34:20 CET 2026: 8 nya notifikationer på Moltbook
Fri Mar 13 16:30:01 CET 2026: 8 nya notifikationer på Moltbook
Fri Mar 13 17:30:04 CET 2026: 8 nya notifikationer på Moltbook
Fri Mar 13 18:30:01 CET 2026: 8 nya notifikationer på Moltbook
Fri Mar 13 19:30:01 CET 2026: 8 nya notifikationer på Moltbook
Fri Mar 13 20:30:01 CET 2026: 8 nya notifikationer på Moltbook
Fri Mar 13 21:30:01 CET 2026: 8 nya notifikationer på Moltbook
Fri Mar 13 22:30:01 CET 2026: 8 nya notifikationer på Moltbook
Fri Mar 13 23:30:01 CET 2026: 8 nya notifikationer på Moltbook
Sat Mar 14 00:30:01 CET 2026: 8 nya notifikationer på Moltbook
Sat Mar 14 01:30:01 CET 2026: 8 nya notifikationer på Moltbook
Sat Mar 14 02:30:00 CET 2026: 8 nya notifikationer på Moltbook
Sat Mar 14 03:30:01 CET 2026: 8 nya notifikationer på Moltbook
Sat Mar 14 04:30:02 CET 2026: 8 nya notifikationer på Moltbook
Sat Mar 14 05:30:01 CET 2026: 8 nya notifikationer på Moltbook
Sat Mar 14 06:30:01 CET 2026: 8 nya notifikationer på Moltbook
Sat Mar 14 07:30:01 CET 2026: 8 nya notifikationer på Moltbook
Sat Mar 14 08:30:01 CET 2026: 8 nya notifikationer på Moltbook
Sat Mar 14 09:30:01 CET 2026: 8 nya notifikationer på Moltbook
Sat Mar 14 10:30:02 CET 2026: 8 nya notifikationer på Moltbook
Sat Mar 14 11:30:00 CET 2026: 8 nya notifikationer på Moltbook
Sat Mar 14 12:30:00 CET 2026: 8 nya notifikationer på Moltbook
Sat Mar 14 13:30:01 CET 2026: 8 nya notifikationer på Moltbook
Sat Mar 14 14:30:01 CET 2026: 8 nya notifikationer på Moltbook
Sat Mar 14 15:30:00 CET 2026: 8 nya notifikationer på Moltbook
Sat Mar 14 16:30:00 CET 2026: 8 nya notifikationer på Moltbook
Sat Mar 14 17:30:01 CET 2026: 8 nya notifikationer på Moltbook
Sat Mar 14 18:30:01 CET 2026: 8 nya notifikationer på Moltbook
Sat Mar 14 19:30:02 CET 2026: 8 nya notifikationer på Moltbook
Sat Mar 14 20:31:05 CET 2026: 8 nya notifikationer på Moltbook
Sat Mar 14 21:30:01 CET 2026: 8 nya notifikationer på Moltbook
Sat Mar 14 22:30:01 CET 2026: 8 nya notifikationer på Moltbook
Sun Mar 15 00:30:01 CET 2026: 8 nya notifikationer på Moltbook
Sun Mar 15 07:30:01 CET 2026: 8 nya notifikationer på Moltbook
Sun Mar 15 10:30:00 CET 2026: 8 nya notifikationer på Moltbook
Sun Mar 15 13:30:01 CET 2026: 8 nya notifikationer på Moltbook
Sun Mar 15 14:30:00 CET 2026: 8 nya notifikationer på Moltbook
Sun Mar 15 15:30:00 CET 2026: 8 nya notifikationer på Moltbook
Sun Mar 15 16:30:01 CET 2026: 8 nya notifikationer på Moltbook
Sun Mar 15 18:30:00 CET 2026: 8 nya notifikationer på Moltbook
Sun Mar 15 19:30:01 CET 2026: 8 nya notifikationer på Moltbook
Sun Mar 15 20:30:01 CET 2026: 8 nya notifikationer på Moltbook
Sun Mar 15 21:30:01 CET 2026: 8 nya notifikationer på Moltbook
Sun Mar 15 22:30:01 CET 2026: 8 nya notifikationer på Moltbook
Mon Mar 16 02:30:00 CET 2026: 8 nya notifikationer på Moltbook
Mon Mar 16 06:30:01 CET 2026: 8 nya notifikationer på Moltbook
Mon Mar 16 07:30:02 CET 2026: 8 nya notifikationer på Moltbook
Mon Mar 16 08:30:01 CET 2026: 8 nya notifikationer på Moltbook
Mon Mar 16 09:30:01 CET 2026: 8 nya notifikationer på Moltbook
Mon Mar 16 10:30:01 CET 2026: 8 nya notifikationer på Moltbook
Mon Mar 16 11:30:00 CET 2026: 8 nya notifikationer på Moltbook
Mon Mar 16 12:30:01 CET 2026: 8 nya notifikationer på Moltbook
Mon Mar 16 13:30:00 CET 2026: 8 nya notifikationer på Moltbook
Mon Mar 16 14:35:36 CET 2026: 8 nya notifikationer på Moltbook
Mon Mar 16 15:30:02 CET 2026: 8 nya notifikationer på Moltbook
Mon Mar 16 16:30:00 CET 2026: 8 nya notifikationer på Moltbook
Mon Mar 16 17:30:00 CET 2026: 8 nya notifikationer på Moltbook
Mon Mar 16 18:30:01 CET 2026: 8 nya notifikationer på Moltbook
Mon Mar 16 19:30:01 CET 2026: 8 nya notifikationer på Moltbook
Mon Mar 16 20:30:00 CET 2026: 8 nya notifikationer på Moltbook
Mon Mar 16 21:30:01 CET 2026: 8 nya notifikationer på Moltbook
Mon Mar 16 22:30:01 CET 2026: 8 nya notifikationer på Moltbook
Tue Mar 17 02:30:16 CET 2026: 8 nya notifikationer på Moltbook
Tue Mar 17 06:30:26 CET 2026: 8 nya notifikationer på Moltbook
Tue Mar 17 07:30:20 CET 2026: 8 nya notifikationer på Moltbook
Tue Mar 17 08:30:43 CET 2026: 8 nya notifikationer på Moltbook
Tue Mar 17 09:30:37 CET 2026: 8 nya notifikationer på Moltbook
Tue Mar 17 10:30:25 CET 2026: 8 nya notifikationer på Moltbook
Tue Mar 17 11:30:38 CET 2026: 8 nya notifikationer på Moltbook
Tue Mar 17 12:30:01 CET 2026: 8 nya notifikationer på Moltbook
Tue Mar 17 14:30:00 CET 2026: 8 nya notifikationer på Moltbook
Tue Mar 17 15:30:01 CET 2026: 8 nya notifikationer på Moltbook
Tue Mar 17 16:30:01 CET 2026: 8 nya notifikationer på Moltbook
Tue Mar 17 17:30:01 CET 2026: 8 nya notifikationer på Moltbook
Tue Mar 17 19:30:01 CET 2026: 8 nya notifikationer på Moltbook
Tue Mar 17 20:30:01 CET 2026: 8 nya notifikationer på Moltbook
Tue Mar 17 21:30:00 CET 2026: 8 nya notifikationer på Moltbook
Tue Mar 17 22:30:00 CET 2026: 8 nya notifikationer på Moltbook
Wed Mar 18 05:30:01 CET 2026: 8 nya notifikationer på Moltbook
Wed Mar 18 06:30:00 CET 2026: 8 nya notifikationer på Moltbook
Wed Mar 18 13:30:01 CET 2026: 8 nya notifikationer på Moltbook
Wed Mar 18 14:30:00 CET 2026: 8 nya notifikationer på Moltbook
Wed Mar 18 15:30:01 CET 2026: 8 nya notifikationer på Moltbook
Wed Mar 18 16:30:00 CET 2026: 8 nya notifikationer på Moltbook
Wed Mar 18 17:30:01 CET 2026: 8 nya notifikationer på Moltbook
Wed Mar 18 18:30:02 CET 2026: 8 nya notifikationer på Moltbook
Wed Mar 18 19:30:02 CET 2026: 8 nya notifikationer på Moltbook
Wed Mar 18 20:30:03 CET 2026: 8 nya notifikationer på Moltbook
Wed Mar 18 22:30:01 CET 2026: 8 nya notifikationer på Moltbook
Wed Mar 18 23:30:01 CET 2026: 8 nya notifikationer på Moltbook
Thu Mar 19 00:30:01 CET 2026: 8 nya notifikationer på Moltbook
Thu Mar 19 01:30:01 CET 2026: 8 nya notifikationer på Moltbook
Thu Mar 19 02:30:00 CET 2026: 8 nya notifikationer på Moltbook
Thu Mar 19 03:30:00 CET 2026: 8 nya notifikationer på Moltbook
Thu Mar 19 05:30:01 CET 2026: 8 nya notifikationer på Moltbook
Thu Mar 19 06:30:00 CET 2026: 8 nya notifikationer på Moltbook
Thu Mar 19 07:30:01 CET 2026: 8 nya notifikationer på Moltbook
Thu Mar 19 08:30:00 CET 2026: 8 nya notifikationer på Moltbook
Thu Mar 19 09:30:00 CET 2026: 8 nya notifikationer på Moltbook
Thu Mar 19 10:30:00 CET 2026: 8 nya notifikationer på Moltbook
Thu Mar 19 11:30:00 CET 2026: 8 nya notifikationer på Moltbook
Thu Mar 19 12:30:00 CET 2026: 8 nya notifikationer på Moltbook
Thu Mar 19 13:30:01 CET 2026: 8 nya notifikationer på Moltbook
Thu Mar 19 14:30:00 CET 2026: 8 nya notifikationer på Moltbook
Thu Mar 19 15:30:00 CET 2026: 8 nya notifikationer på Moltbook
Thu Mar 19 16:30:01 CET 2026: 8 nya notifikationer på Moltbook
Thu Mar 19 17:30:01 CET 2026: 8 nya notifikationer på Moltbook
Thu Mar 19 18:30:02 CET 2026: 8 nya notifikationer på Moltbook
Thu Mar 19 19:30:01 CET 2026: 8 nya notifikationer på Moltbook
Thu Mar 19 20:30:00 CET 2026: 8 nya notifikationer på Moltbook
Thu Mar 19 21:30:01 CET 2026: 8 nya notifikationer på Moltbook
Thu Mar 19 22:30:01 CET 2026: 8 nya notifikationer på Moltbook
Thu Mar 19 23:30:01 CET 2026: 8 nya notifikationer på Moltbook
Fri Mar 20 00:30:01 CET 2026: 8 nya notifikationer på Moltbook
Fri Mar 20 01:30:01 CET 2026: 8 nya notifikationer på Moltbook
Fri Mar 20 03:30:02 CET 2026: 8 nya notifikationer på Moltbook
Fri Mar 20 04:30:01 CET 2026: 8 nya notifikationer på Moltbook
Fri Mar 20 05:30:01 CET 2026: 8 nya notifikationer på Moltbook
Fri Mar 20 06:30:01 CET 2026: 8 nya notifikationer på Moltbook
Fri Mar 20 07:30:01 CET 2026: 8 nya notifikationer på Moltbook
Fri Mar 20 08:30:00 CET 2026: 8 nya notifikationer på Moltbook
Fri Mar 20 09:30:00 CET 2026: 8 nya notifikationer på Moltbook
Fri Mar 20 10:30:01 CET 2026: 8 nya notifikationer på Moltbook
Fri Mar 20 11:30:01 CET 2026: 8 nya notifikationer på Moltbook
Fri Mar 20 12:30:01 CET 2026: 8 nya notifikationer på Moltbook
Fri Mar 20 13:30:01 CET 2026: 8 nya notifikationer på Moltbook
Fri Mar 20 14:30:01 CET 2026: 8 nya notifikationer på Moltbook
Fri Mar 20 15:30:01 CET 2026: 8 nya notifikationer på Moltbook
Fri Mar 20 16:30:00 CET 2026: 8 nya notifikationer på Moltbook
Fri Mar 20 17:30:00 CET 2026: 8 nya notifikationer på Moltbook
Fri Mar 20 18:30:02 CET 2026: 8 nya notifikationer på Moltbook
Fri Mar 20 19:30:01 CET 2026: 8 nya notifikationer på Moltbook
Fri Mar 20 20:30:03 CET 2026: 8 nya notifikationer på Moltbook
Fri Mar 20 21:30:12 CET 2026: 8 nya notifikationer på Moltbook
Fri Mar 20 22:30:00 CET 2026: 8 nya notifikationer på Moltbook
Fri Mar 20 23:30:00 CET 2026: 8 nya notifikationer på Moltbook
Sat Mar 21 00:30:00 CET 2026: 8 nya notifikationer på Moltbook
Sat Mar 21 01:30:01 CET 2026: 8 nya notifikationer på Moltbook
Sat Mar 21 02:30:01 CET 2026: 8 nya notifikationer på Moltbook
Sat Mar 21 03:30:01 CET 2026: 8 nya notifikationer på Moltbook
Sat Mar 21 04:30:02 CET 2026: 8 nya notifikationer på Moltbook
Sat Mar 21 05:30:01 CET 2026: 8 nya notifikationer på Moltbook
Sat Mar 21 06:30:01 CET 2026: 8 nya notifikationer på Moltbook
Sat Mar 21 07:30:01 CET 2026: 8 nya notifikationer på Moltbook
Sat Mar 21 08:30:01 CET 2026: 8 nya notifikationer på Moltbook
Sat Mar 21 09:30:00 CET 2026: 8 nya notifikationer på Moltbook
Sat Mar 21 10:30:01 CET 2026: 8 nya notifikationer på Moltbook
Sat Mar 21 11:30:01 CET 2026: 8 nya notifikationer på Moltbook
Sat Mar 21 12:30:00 CET 2026: 8 nya notifikationer på Moltbook
Sat Mar 21 13:30:01 CET 2026: 8 nya notifikationer på Moltbook
