Fri Mar 13 16:00:01 CET 2026: No new mentions
Fri Mar 13 16:30:00 CET 2026: No new mentions
Fri Mar 13 17:30:00 CET 2026: No new mentions
Fri Mar 13 18:00:00 CET 2026: No new mentions
Fri Mar 13 18:30:00 CET 2026: No new mentions
Fri Mar 13 19:00:00 CET 2026: No new mentions
Fri Mar 13 19:30:00 CET 2026: No new mentions
Fri Mar 13 20:00:00 CET 2026: No new mentions
Fri Mar 13 20:30:00 CET 2026: No new mentions
Fri Mar 13 21:00:01 CET 2026: No new mentions
Fri Mar 13 21:30:00 CET 2026: No new mentions
Fri Mar 13 22:00:00 CET 2026: No new mentions
Fri Mar 13 22:30:00 CET 2026: No new mentions
Fri Mar 13 23:00:00 CET 2026: No new mentions
Fri Mar 13 23:30:00 CET 2026: No new mentions
Sat Mar 14 00:00:00 CET 2026: No new mentions
Sat Mar 14 00:30:00 CET 2026: No new mentions
Sat Mar 14 01:00:00 CET 2026: No new mentions
Sat Mar 14 01:30:00 CET 2026: No new mentions
Sat Mar 14 02:00:00 CET 2026: No new mentions
Sat Mar 14 02:30:00 CET 2026: No new mentions
Sat Mar 14 03:00:00 CET 2026: No new mentions
Sat Mar 14 03:30:00 CET 2026: No new mentions
Sat Mar 14 04:00:00 CET 2026: No new mentions
Sat Mar 14 04:30:01 CET 2026: No new mentions
Sat Mar 14 05:00:00 CET 2026: No new mentions
Sat Mar 14 05:30:00 CET 2026: No new mentions
Sat Mar 14 06:00:00 CET 2026: No new mentions
Sat Mar 14 06:30:00 CET 2026: No new mentions
Sat Mar 14 07:00:00 CET 2026: No new mentions
Sat Mar 14 07:30:00 CET 2026: No new mentions
Sat Mar 14 08:00:00 CET 2026: No new mentions
Sat Mar 14 08:30:00 CET 2026: No new mentions
Sat Mar 14 09:00:00 CET 2026: No new mentions
Sat Mar 14 09:30:00 CET 2026: No new mentions
Sat Mar 14 10:00:00 CET 2026: No new mentions
Sat Mar 14 10:30:00 CET 2026: No new mentions
Sat Mar 14 11:00:00 CET 2026: No new mentions
Sat Mar 14 11:30:00 CET 2026: No new mentions
Sat Mar 14 12:00:01 CET 2026: No new mentions
Sat Mar 14 12:30:00 CET 2026: No new mentions
Sat Mar 14 13:00:00 CET 2026: No new mentions
Sat Mar 14 13:30:00 CET 2026: No new mentions
Sat Mar 14 14:00:00 CET 2026: No new mentions
Sat Mar 14 14:30:00 CET 2026: No new mentions
Sat Mar 14 15:00:00 CET 2026: No new mentions
Sat Mar 14 15:30:00 CET 2026: No new mentions
Sat Mar 14 16:01:10 CET 2026: No new mentions
Sat Mar 14 16:30:00 CET 2026: No new mentions
Sat Mar 14 17:00:00 CET 2026: No new mentions
Sat Mar 14 17:30:00 CET 2026: No new mentions
Sat Mar 14 18:00:00 CET 2026: No new mentions
Sat Mar 14 18:30:00 CET 2026: No new mentions
Sat Mar 14 19:00:00 CET 2026: No new mentions
Sat Mar 14 19:30:00 CET 2026: No new mentions
Sat Mar 14 20:00:00 CET 2026: No new mentions
Sat Mar 14 20:31:03 CET 2026: No new mentions
Sat Mar 14 21:01:18 CET 2026: No new mentions
Sat Mar 14 21:30:00 CET 2026: No new mentions
Sat Mar 14 22:00:00 CET 2026: No new mentions
Sat Mar 14 22:30:00 CET 2026: No new mentions
Sun Mar 15 00:00:00 CET 2026: No new mentions
Sun Mar 15 00:30:00 CET 2026: No new mentions
Sun Mar 15 07:30:00 CET 2026: No new mentions
Sun Mar 15 08:00:00 CET 2026: No new mentions
Sun Mar 15 09:01:18 CET 2026: No new mentions
Sun Mar 15 10:00:00 CET 2026: No new mentions
Sun Mar 15 10:30:00 CET 2026: No new mentions
Sun Mar 15 11:00:00 CET 2026: No new mentions
Sun Mar 15 13:00:00 CET 2026: No new mentions
Sun Mar 15 13:30:00 CET 2026: No new mentions
Sun Mar 15 14:00:00 CET 2026: No new mentions
Sun Mar 15 14:30:00 CET 2026: No new mentions
Sun Mar 15 15:30:00 CET 2026: No new mentions
Sun Mar 15 16:00:00 CET 2026: No new mentions
Sun Mar 15 16:30:00 CET 2026: No new mentions
Sun Mar 15 18:00:00 CET 2026: No new mentions
Sun Mar 15 18:30:00 CET 2026: No new mentions
Sun Mar 15 19:00:00 CET 2026: No new mentions
Sun Mar 15 19:30:00 CET 2026: No new mentions
Sun Mar 15 20:00:00 CET 2026: No new mentions
Sun Mar 15 20:30:00 CET 2026: No new mentions
Sun Mar 15 21:00:00 CET 2026: No new mentions
Sun Mar 15 21:30:00 CET 2026: No new mentions
Sun Mar 15 22:00:00 CET 2026: No new mentions
Sun Mar 15 22:30:00 CET 2026: No new mentions
Sun Mar 15 23:00:00 CET 2026: No new mentions
Mon Mar 16 02:00:00 CET 2026: No new mentions
Mon Mar 16 02:30:00 CET 2026: No new mentions
Mon Mar 16 06:00:00 CET 2026: No new mentions
Mon Mar 16 06:30:00 CET 2026: No new mentions
Mon Mar 16 07:00:00 CET 2026: No new mentions
Mon Mar 16 07:30:00 CET 2026: No new mentions
Mon Mar 16 08:00:00 CET 2026: No new mentions
Mon Mar 16 08:30:00 CET 2026: No new mentions
Mon Mar 16 09:00:00 CET 2026: No new mentions
Mon Mar 16 09:30:00 CET 2026: No new mentions
Mon Mar 16 10:00:00 CET 2026: No new mentions
Mon Mar 16 10:30:00 CET 2026: No new mentions
Mon Mar 16 11:00:00 CET 2026: No new mentions
Mon Mar 16 11:30:00 CET 2026: No new mentions
Mon Mar 16 12:00:00 CET 2026: No new mentions
Mon Mar 16 12:30:00 CET 2026: No new mentions
Mon Mar 16 13:00:00 CET 2026: No new mentions
Mon Mar 16 13:30:00 CET 2026: No new mentions
Mon Mar 16 14:00:00 CET 2026: No new mentions
Mon Mar 16 14:35:36 CET 2026: No new mentions
Mon Mar 16 15:00:00 CET 2026: No new mentions
Mon Mar 16 15:30:00 CET 2026: No new mentions
Mon Mar 16 16:00:00 CET 2026: No new mentions
Mon Mar 16 16:30:00 CET 2026: No new mentions
Mon Mar 16 17:00:00 CET 2026: No new mentions
Mon Mar 16 17:30:00 CET 2026: No new mentions
Mon Mar 16 18:00:00 CET 2026: No new mentions
Mon Mar 16 18:30:00 CET 2026: No new mentions
Mon Mar 16 19:00:00 CET 2026: No new mentions
Mon Mar 16 19:30:00 CET 2026: No new mentions
Mon Mar 16 20:00:00 CET 2026: No new mentions
Mon Mar 16 20:30:00 CET 2026: No new mentions
Mon Mar 16 21:00:00 CET 2026: No new mentions
Mon Mar 16 21:30:00 CET 2026: No new mentions
Mon Mar 16 22:00:00 CET 2026: No new mentions
Mon Mar 16 22:30:01 CET 2026: No new mentions
Tue Mar 17 02:00:00 CET 2026: No new mentions
Tue Mar 17 02:30:00 CET 2026: No new mentions
Tue Mar 17 06:00:00 CET 2026: No new mentions
Tue Mar 17 06:30:00 CET 2026: No new mentions
Tue Mar 17 07:00:00 CET 2026: No new mentions
Tue Mar 17 07:30:00 CET 2026: No new mentions
Tue Mar 17 08:00:00 CET 2026: No new mentions
Tue Mar 17 08:30:00 CET 2026: No new mentions
Tue Mar 17 09:00:00 CET 2026: No new mentions
Tue Mar 17 09:30:00 CET 2026: No new mentions
Tue Mar 17 10:00:00 CET 2026: No new mentions
Tue Mar 17 10:30:00 CET 2026: No new mentions
Tue Mar 17 11:00:00 CET 2026: No new mentions
Tue Mar 17 11:30:00 CET 2026: No new mentions
Tue Mar 17 12:00:00 CET 2026: No new mentions
Tue Mar 17 12:30:00 CET 2026: No new mentions
Tue Mar 17 13:00:00 CET 2026: No new mentions
Tue Mar 17 13:30:00 CET 2026: No new mentions
Tue Mar 17 14:00:00 CET 2026: No new mentions
Tue Mar 17 14:30:00 CET 2026: No new mentions
Tue Mar 17 15:00:00 CET 2026: No new mentions
Tue Mar 17 15:30:00 CET 2026: No new mentions
Tue Mar 17 16:00:00 CET 2026: No new mentions
Tue Mar 17 16:30:00 CET 2026: No new mentions
Tue Mar 17 17:00:00 CET 2026: No new mentions
Tue Mar 17 17:30:00 CET 2026: No new mentions
Tue Mar 17 18:00:00 CET 2026: No new mentions
Tue Mar 17 19:30:00 CET 2026: No new mentions
Tue Mar 17 20:00:00 CET 2026: No new mentions
Tue Mar 17 20:30:00 CET 2026: No new mentions
Tue Mar 17 21:00:00 CET 2026: No new mentions
Tue Mar 17 21:30:00 CET 2026: No new mentions
Tue Mar 17 22:00:00 CET 2026: No new mentions
Tue Mar 17 22:30:00 CET 2026: No new mentions
Tue Mar 17 23:00:00 CET 2026: No new mentions
Wed Mar 18 05:00:00 CET 2026: No new mentions
Wed Mar 18 05:30:00 CET 2026: No new mentions
Wed Mar 18 06:00:00 CET 2026: No new mentions
Wed Mar 18 06:30:00 CET 2026: No new mentions
Wed Mar 18 13:00:00 CET 2026: No new mentions
Wed Mar 18 13:30:00 CET 2026: No new mentions
Wed Mar 18 14:00:00 CET 2026: No new mentions
Wed Mar 18 14:30:00 CET 2026: No new mentions
Wed Mar 18 15:00:00 CET 2026: No new mentions
Wed Mar 18 15:30:00 CET 2026: No new mentions
Wed Mar 18 16:00:00 CET 2026: No new mentions
Wed Mar 18 16:30:00 CET 2026: No new mentions
Wed Mar 18 17:00:00 CET 2026: No new mentions
Wed Mar 18 17:30:00 CET 2026: No new mentions
Wed Mar 18 18:00:00 CET 2026: No new mentions
Wed Mar 18 18:30:01 CET 2026: No new mentions
Wed Mar 18 19:00:00 CET 2026: No new mentions
Wed Mar 18 19:30:01 CET 2026: No new mentions
Wed Mar 18 20:00:00 CET 2026: No new mentions
Wed Mar 18 20:30:00 CET 2026: No new mentions
Wed Mar 18 22:00:00 CET 2026: No new mentions
Wed Mar 18 22:30:00 CET 2026: No new mentions
=== Pulse Mentions Check Wed Mar 18 23:00:00 CET 2026 ===
Inga nya mentions Wed Mar 18 23:00:00 CET 2026
---
=== Pulse Mentions Check Wed Mar 18 23:30:00 CET 2026 ===
Inga nya mentions Wed Mar 18 23:30:00 CET 2026
---
=== Pulse Mentions Check Thu Mar 19 00:00:00 CET 2026 ===
Inga nya mentions Thu Mar 19 00:00:00 CET 2026
---
=== Pulse Mentions Check Thu Mar 19 00:30:00 CET 2026 ===
Inga nya mentions Thu Mar 19 00:30:00 CET 2026
---
=== Pulse Mentions Check Thu Mar 19 01:00:00 CET 2026 ===
Inga nya mentions Thu Mar 19 01:00:00 CET 2026
---
=== Pulse Mentions Check Thu Mar 19 01:30:00 CET 2026 ===
Inga nya mentions Thu Mar 19 01:30:00 CET 2026
---
=== Pulse Mentions Check Thu Mar 19 02:00:00 CET 2026 ===
Inga nya mentions Thu Mar 19 02:00:00 CET 2026
---
=== Pulse Mentions Check Thu Mar 19 02:30:00 CET 2026 ===
Inga nya mentions Thu Mar 19 02:30:00 CET 2026
---
=== Pulse Mentions Check Thu Mar 19 03:00:00 CET 2026 ===
Inga nya mentions Thu Mar 19 03:00:00 CET 2026
---
=== Pulse Mentions Check Thu Mar 19 03:30:00 CET 2026 ===
Inga nya mentions Thu Mar 19 03:30:00 CET 2026
---
=== Pulse Mentions Check Thu Mar 19 05:00:00 CET 2026 ===
Inga nya mentions Thu Mar 19 05:00:00 CET 2026
---
=== Pulse Mentions Check Thu Mar 19 05:30:00 CET 2026 ===
Inga nya mentions Thu Mar 19 05:30:00 CET 2026
=== Pulse Mentions Check Thu Mar 19 06:00:00 CET 2026 ===
Inga nya mentions Thu Mar 19 06:00:00 CET 2026
=== Pulse Mentions Check Thu Mar 19 06:30:00 CET 2026 ===
Inga nya mentions Thu Mar 19 06:30:00 CET 2026
=== Pulse Mentions Check Thu Mar 19 07:00:00 CET 2026 ===
Inga nya mentions Thu Mar 19 07:00:00 CET 2026
=== Pulse Mentions Check Thu Mar 19 07:30:00 CET 2026 ===
Inga nya mentions Thu Mar 19 07:30:00 CET 2026
=== Pulse Mentions Check Thu Mar 19 08:00:00 CET 2026 ===
Inga nya mentions Thu Mar 19 08:00:00 CET 2026
=== Pulse Mentions Check Thu Mar 19 08:30:00 CET 2026 ===
Inga nya mentions Thu Mar 19 08:30:00 CET 2026
=== Pulse Mentions Check Thu Mar 19 09:00:00 CET 2026 ===
Inga nya mentions Thu Mar 19 09:00:00 CET 2026
=== Pulse Mentions Check Thu Mar 19 09:02:44 CET 2026 ===
Inga nya mentions Thu Mar 19 09:02:44 CET 2026
=== Pulse Mentions Check Thu Mar 19 09:30:00 CET 2026 ===
Inga nya mentions Thu Mar 19 09:30:00 CET 2026
=== Pulse Mentions Check Thu Mar 19 10:00:00 CET 2026 ===
Inga nya mentions Thu Mar 19 10:00:00 CET 2026
=== Pulse Mentions Check Thu Mar 19 10:30:00 CET 2026 ===
Inga nya mentions Thu Mar 19 10:30:00 CET 2026
=== Pulse Mentions Check Thu Mar 19 11:00:00 CET 2026 ===
Inga nya mentions Thu Mar 19 11:00:00 CET 2026
=== Pulse Mentions Check Thu Mar 19 11:30:00 CET 2026 ===
Inga nya mentions Thu Mar 19 11:30:00 CET 2026
=== Pulse Mentions Check Thu Mar 19 12:00:00 CET 2026 ===
Inga nya mentions Thu Mar 19 12:00:00 CET 2026
=== Pulse Mentions Check Thu Mar 19 12:30:00 CET 2026 ===
Inga nya mentions Thu Mar 19 12:30:00 CET 2026
=== Pulse Mentions Check Thu Mar 19 13:00:00 CET 2026 ===
Inga nya mentions Thu Mar 19 13:00:00 CET 2026
=== Pulse Mentions Check Thu Mar 19 13:30:01 CET 2026 ===
Inga nya mentions Thu Mar 19 13:30:01 CET 2026
=== Pulse Mentions Check Thu Mar 19 14:00:00 CET 2026 ===
Inga nya mentions Thu Mar 19 14:00:00 CET 2026
=== Pulse Mentions Check Thu Mar 19 14:30:00 CET 2026 ===
Inga nya mentions Thu Mar 19 14:30:00 CET 2026
=== Pulse Mentions Check Thu Mar 19 15:00:00 CET 2026 ===
Inga nya mentions Thu Mar 19 15:00:00 CET 2026
=== Pulse Mentions Check Thu Mar 19 15:30:00 CET 2026 ===
Inga nya mentions Thu Mar 19 15:30:00 CET 2026
=== Pulse Mentions Check Thu Mar 19 16:00:00 CET 2026 ===
Inga nya mentions Thu Mar 19 16:00:00 CET 2026
=== Pulse Mentions Check Thu Mar 19 16:30:00 CET 2026 ===
Inga nya mentions Thu Mar 19 16:30:00 CET 2026
=== Pulse Mentions Check Thu Mar 19 17:00:00 CET 2026 ===
Inga nya mentions Thu Mar 19 17:00:00 CET 2026
=== Pulse Mentions Check Thu Mar 19 17:30:00 CET 2026 ===
Inga nya mentions Thu Mar 19 17:30:00 CET 2026
=== Pulse Mentions Check Thu Mar 19 18:00:00 CET 2026 ===
Inga nya mentions Thu Mar 19 18:00:00 CET 2026
=== Pulse Mentions Check Thu Mar 19 18:30:01 CET 2026 ===
Inga nya mentions Thu Mar 19 18:30:01 CET 2026
=== Pulse Mentions Check Thu Mar 19 19:00:00 CET 2026 ===
Inga nya mentions Thu Mar 19 19:00:00 CET 2026
=== Pulse Mentions Check Thu Mar 19 19:30:01 CET 2026 ===
Inga nya mentions Thu Mar 19 19:30:01 CET 2026
=== Pulse Mentions Check Thu Mar 19 20:00:00 CET 2026 ===
Inga nya mentions Thu Mar 19 20:00:00 CET 2026
=== Pulse Mentions Check Thu Mar 19 20:30:00 CET 2026 ===
Inga nya mentions Thu Mar 19 20:30:00 CET 2026
=== Pulse Mentions Check Thu Mar 19 21:00:00 CET 2026 ===
Inga nya mentions Thu Mar 19 21:00:00 CET 2026
=== Pulse Mentions Check Thu Mar 19 21:30:00 CET 2026 ===
Inga nya mentions Thu Mar 19 21:30:00 CET 2026
=== Pulse Mentions Check Thu Mar 19 22:00:00 CET 2026 ===
Inga nya mentions Thu Mar 19 22:00:00 CET 2026
=== Pulse Mentions Check Thu Mar 19 22:30:00 CET 2026 ===
Inga nya mentions Thu Mar 19 22:30:00 CET 2026
=== Pulse Mentions Check Thu Mar 19 23:00:00 CET 2026 ===
Inga nya mentions Thu Mar 19 23:00:00 CET 2026
=== Pulse Mentions Check Thu Mar 19 23:30:00 CET 2026 ===
Inga nya mentions Thu Mar 19 23:30:00 CET 2026
=== Pulse Mentions Check Fri Mar 20 00:00:00 CET 2026 ===
Inga nya mentions Fri Mar 20 00:00:00 CET 2026
=== Pulse Mentions Check Fri Mar 20 00:30:00 CET 2026 ===
Inga nya mentions Fri Mar 20 00:30:00 CET 2026
=== Pulse Mentions Check Fri Mar 20 01:00:00 CET 2026 ===
Inga nya mentions Fri Mar 20 01:00:00 CET 2026
=== Pulse Mentions Check Fri Mar 20 01:30:00 CET 2026 ===
Inga nya mentions Fri Mar 20 01:30:00 CET 2026
=== Pulse Mentions Check Fri Mar 20 02:00:00 CET 2026 ===
Inga nya mentions Fri Mar 20 02:00:00 CET 2026
=== Pulse Mentions Check Fri Mar 20 02:30:00 CET 2026 ===
Inga nya mentions Fri Mar 20 02:30:00 CET 2026
=== Pulse Mentions Check Fri Mar 20 03:00:00 CET 2026 ===
Inga nya mentions Fri Mar 20 03:00:00 CET 2026
=== Pulse Mentions Check Fri Mar 20 03:30:01 CET 2026 ===
Inga nya mentions Fri Mar 20 03:30:01 CET 2026
=== Pulse Mentions Check Fri Mar 20 04:00:00 CET 2026 ===
Inga nya mentions Fri Mar 20 04:00:00 CET 2026
=== Pulse Mentions Check Fri Mar 20 04:30:00 CET 2026 ===
Inga nya mentions Fri Mar 20 04:30:00 CET 2026
=== Pulse Mentions Check Fri Mar 20 05:00:00 CET 2026 ===
Inga nya mentions Fri Mar 20 05:00:00 CET 2026
=== Pulse Mentions Check Fri Mar 20 05:30:00 CET 2026 ===
Inga nya mentions Fri Mar 20 05:30:00 CET 2026
=== Pulse Mentions Check Fri Mar 20 06:00:00 CET 2026 ===
Inga nya mentions Fri Mar 20 06:00:00 CET 2026
=== Pulse Mentions Check Fri Mar 20 06:30:00 CET 2026 ===
Inga nya mentions Fri Mar 20 06:30:00 CET 2026
=== Pulse Mentions Check Fri Mar 20 07:00:00 CET 2026 ===
Inga nya mentions Fri Mar 20 07:00:00 CET 2026
=== Pulse Mentions Check Fri Mar 20 07:30:00 CET 2026 ===
Inga nya mentions Fri Mar 20 07:30:00 CET 2026
=== Pulse Mentions Check Fri Mar 20 08:00:00 CET 2026 ===
Inga nya mentions Fri Mar 20 08:00:00 CET 2026
=== Pulse Mentions Check Fri Mar 20 08:30:00 CET 2026 ===
Inga nya mentions Fri Mar 20 08:30:00 CET 2026
=== Pulse Mentions Check Fri Mar 20 09:00:00 CET 2026 ===
Inga nya mentions Fri Mar 20 09:00:00 CET 2026
=== Pulse Mentions Check Fri Mar 20 09:30:00 CET 2026 ===
Inga nya mentions Fri Mar 20 09:30:00 CET 2026
=== Pulse Mentions Check Fri Mar 20 10:00:00 CET 2026 ===
Inga nya mentions Fri Mar 20 10:00:00 CET 2026
=== Pulse Mentions Check Fri Mar 20 10:30:00 CET 2026 ===
Inga nya mentions Fri Mar 20 10:30:00 CET 2026
=== Pulse Mentions Check Fri Mar 20 11:00:00 CET 2026 ===
Inga nya mentions Fri Mar 20 11:00:00 CET 2026
=== Pulse Mentions Check Fri Mar 20 11:30:00 CET 2026 ===
Inga nya mentions Fri Mar 20 11:30:00 CET 2026
=== Pulse Mentions Check Fri Mar 20 12:00:00 CET 2026 ===
Inga nya mentions Fri Mar 20 12:00:00 CET 2026
=== Pulse Mentions Check Fri Mar 20 12:30:00 CET 2026 ===
Inga nya mentions Fri Mar 20 12:30:00 CET 2026
=== Pulse Mentions Check Fri Mar 20 13:00:00 CET 2026 ===
Inga nya mentions Fri Mar 20 13:00:00 CET 2026
=== Pulse Mentions Check Fri Mar 20 13:30:00 CET 2026 ===
Inga nya mentions Fri Mar 20 13:30:00 CET 2026
=== Pulse Mentions Check Fri Mar 20 14:00:00 CET 2026 ===
Inga nya mentions Fri Mar 20 14:00:00 CET 2026
=== Pulse Mentions Check Fri Mar 20 14:30:00 CET 2026 ===
Inga nya mentions Fri Mar 20 14:30:00 CET 2026
=== Pulse Mentions Check Fri Mar 20 15:00:00 CET 2026 ===
Inga nya mentions Fri Mar 20 15:00:00 CET 2026
=== Pulse Mentions Check Fri Mar 20 15:30:00 CET 2026 ===
Inga nya mentions Fri Mar 20 15:30:00 CET 2026
=== Pulse Mentions Check Fri Mar 20 16:00:00 CET 2026 ===
Inga nya mentions Fri Mar 20 16:00:00 CET 2026
=== Pulse Mentions Check Fri Mar 20 16:30:00 CET 2026 ===
Inga nya mentions Fri Mar 20 16:30:00 CET 2026
=== Pulse Mentions Check Fri Mar 20 17:00:00 CET 2026 ===
Inga nya mentions Fri Mar 20 17:00:00 CET 2026
=== Pulse Mentions Check Fri Mar 20 17:30:00 CET 2026 ===
Inga nya mentions Fri Mar 20 17:30:00 CET 2026
=== Pulse Mentions Check Fri Mar 20 18:00:00 CET 2026 ===
Inga nya mentions Fri Mar 20 18:00:00 CET 2026
=== Pulse Mentions Check Fri Mar 20 18:30:00 CET 2026 ===
Inga nya mentions Fri Mar 20 18:30:00 CET 2026
=== Pulse Mentions Check Fri Mar 20 19:00:00 CET 2026 ===
Inga nya mentions Fri Mar 20 19:00:00 CET 2026
=== Pulse Mentions Check Fri Mar 20 19:30:00 CET 2026 ===
Inga nya mentions Fri Mar 20 19:30:00 CET 2026
=== Pulse Mentions Check Fri Mar 20 20:00:00 CET 2026 ===
Inga nya mentions Fri Mar 20 20:00:00 CET 2026
=== Pulse Mentions Check Fri Mar 20 20:30:01 CET 2026 ===
Inga nya mentions Fri Mar 20 20:30:01 CET 2026
=== Pulse Mentions Check Fri Mar 20 21:00:00 CET 2026 ===
Inga nya mentions Fri Mar 20 21:00:00 CET 2026
=== Pulse Mentions Check Fri Mar 20 21:30:00 CET 2026 ===
Inga nya mentions Fri Mar 20 21:30:00 CET 2026
=== Pulse Mentions Check Fri Mar 20 22:00:00 CET 2026 ===
Inga nya mentions Fri Mar 20 22:00:00 CET 2026
=== Pulse Mentions Check Fri Mar 20 22:30:00 CET 2026 ===
Inga nya mentions Fri Mar 20 22:30:00 CET 2026
=== Pulse Mentions Check Fri Mar 20 23:00:00 CET 2026 ===
Inga nya mentions Fri Mar 20 23:00:00 CET 2026
=== Pulse Mentions Check Fri Mar 20 23:30:00 CET 2026 ===
Inga nya mentions Fri Mar 20 23:30:00 CET 2026
=== Pulse Mentions Check Sat Mar 21 00:00:00 CET 2026 ===
Inga nya mentions Sat Mar 21 00:00:00 CET 2026
=== Pulse Mentions Check Sat Mar 21 00:30:00 CET 2026 ===
Inga nya mentions Sat Mar 21 00:30:00 CET 2026
=== Pulse Mentions Check Sat Mar 21 01:00:00 CET 2026 ===
Inga nya mentions Sat Mar 21 01:00:00 CET 2026
=== Pulse Mentions Check Sat Mar 21 01:30:00 CET 2026 ===
Inga nya mentions Sat Mar 21 01:30:00 CET 2026
=== Pulse Mentions Check Sat Mar 21 02:00:00 CET 2026 ===
Inga nya mentions Sat Mar 21 02:00:00 CET 2026
=== Pulse Mentions Check Sat Mar 21 02:30:01 CET 2026 ===
Inga nya mentions Sat Mar 21 02:30:01 CET 2026
=== Pulse Mentions Check Sat Mar 21 03:00:00 CET 2026 ===
Inga nya mentions Sat Mar 21 03:00:00 CET 2026
=== Pulse Mentions Check Sat Mar 21 03:30:00 CET 2026 ===
Inga nya mentions Sat Mar 21 03:30:00 CET 2026
=== Pulse Mentions Check Sat Mar 21 04:00:00 CET 2026 ===
Inga nya mentions Sat Mar 21 04:00:00 CET 2026
=== Pulse Mentions Check Sat Mar 21 04:30:01 CET 2026 ===
Inga nya mentions Sat Mar 21 04:30:01 CET 2026
=== Pulse Mentions Check Sat Mar 21 05:00:00 CET 2026 ===
Inga nya mentions Sat Mar 21 05:00:00 CET 2026
=== Pulse Mentions Check Sat Mar 21 05:30:00 CET 2026 ===
Inga nya mentions Sat Mar 21 05:30:00 CET 2026
=== Pulse Mentions Check Sat Mar 21 06:00:00 CET 2026 ===
Inga nya mentions Sat Mar 21 06:00:00 CET 2026
=== Pulse Mentions Check Sat Mar 21 06:30:00 CET 2026 ===
Inga nya mentions Sat Mar 21 06:30:00 CET 2026
=== Pulse Mentions Check Sat Mar 21 07:00:00 CET 2026 ===
Inga nya mentions Sat Mar 21 07:00:00 CET 2026
=== Pulse Mentions Check Sat Mar 21 07:30:00 CET 2026 ===
Inga nya mentions Sat Mar 21 07:30:00 CET 2026
=== Pulse Mentions Check Sat Mar 21 08:00:00 CET 2026 ===
Inga nya mentions Sat Mar 21 08:00:00 CET 2026
=== Pulse Mentions Check Sat Mar 21 08:30:00 CET 2026 ===
Inga nya mentions Sat Mar 21 08:30:00 CET 2026
=== Pulse Mentions Check Sat Mar 21 09:00:00 CET 2026 ===
Inga nya mentions Sat Mar 21 09:00:00 CET 2026
=== Pulse Mentions Check Sat Mar 21 09:30:00 CET 2026 ===
Inga nya mentions Sat Mar 21 09:30:00 CET 2026
=== Pulse Mentions Check Sat Mar 21 10:00:00 CET 2026 ===
Inga nya mentions Sat Mar 21 10:00:00 CET 2026
=== Pulse Mentions Check Sat Mar 21 10:30:01 CET 2026 ===
Inga nya mentions Sat Mar 21 10:30:01 CET 2026
=== Pulse Mentions Check Sat Mar 21 11:00:00 CET 2026 ===
Inga nya mentions Sat Mar 21 11:00:00 CET 2026
=== Pulse Mentions Check Sat Mar 21 11:30:00 CET 2026 ===
Inga nya mentions Sat Mar 21 11:30:00 CET 2026
Sat Mar 21 12:00:00 CET 2026: Startar pulse-mention-reply
Sat Mar 21 12:00:00 CET 2026: Klart
