=== X Routine Fri Mar  6 20:00:00 CET 2026 ===
=== X Routine Sat Mar  7 08:31:48 CET 2026 ===
=== X Routine Sat Mar  7 14:00:04 CET 2026 ===
=== X Routine Sat Mar  7 20:11:42 CET 2026 ===
=== X Routine Sun Mar  8 08:12:03 CET 2026 ===
=== X Routine Sun Mar  8 14:00:00 CET 2026 ===
=== X Routine Sun Mar  8 20:00:00 CET 2026 ===
=== X Routine Mon Mar  9 08:01:50 CET 2026 ===
=== X Routine Mon Mar  9 14:00:00 CET 2026 ===
=== X Routine Mon Mar  9 20:00:00 CET 2026 ===
=== X Routine Tue Mar 10 08:22:02 CET 2026 ===
=== X Routine Tue Mar 10 14:00:00 CET 2026 ===
=== X Routine Tue Mar 10 20:00:00 CET 2026 ===
=== X Routine Wed Mar 11 08:15:01 CET 2026 ===
=== X Routine Wed Mar 11 14:00:00 CET 2026 ===
=== X Routine Wed Mar 11 20:00:00 CET 2026 ===
=== X Routine Thu Mar 12 08:00:00 CET 2026 ===
=== X Routine Thu Mar 12 14:00:00 CET 2026 ===
=== X Routine Thu Mar 12 20:00:00 CET 2026 ===
=== X Routine Fri Mar 13 08:00:00 CET 2026 ===
=== X Routine Fri Mar 13 14:03:04 CET 2026 ===
=== X Routine Fri Mar 13 20:00:00 CET 2026 ===
=== X Routine Sat Mar 14 08:00:00 CET 2026 ===
=== X Routine Sat Mar 14 14:00:00 CET 2026 ===
=== X Routine Sat Mar 14 20:00:00 CET 2026 ===
=== X Routine Sun Mar 15 08:00:00 CET 2026 ===
=== X Routine Sun Mar 15 14:00:00 CET 2026 ===
=== X Routine Sun Mar 15 20:00:00 CET 2026 ===
=== X Routine Mon Mar 16 08:00:00 CET 2026 ===
=== X Routine Mon Mar 16 14:00:00 CET 2026 ===
=== X Routine Mon Mar 16 20:00:00 CET 2026 ===
=== X Routine Tue Mar 17 08:00:00 CET 2026 ===
=== X Routine Tue Mar 17 14:00:00 CET 2026 ===
=== X Routine Tue Mar 17 20:00:00 CET 2026 ===
=== X Routine Wed Mar 18 08:07:37 CET 2026 ===
=== X Routine Wed Mar 18 14:00:00 CET 2026 ===
=== X Routine Wed Mar 18 20:00:00 CET 2026 ===
=== X Routine Thu Mar 19 08:00:00 CET 2026 ===
=== X Routine Thu Mar 19 14:00:00 CET 2026 ===
=== X Routine Thu Mar 19 20:00:00 CET 2026 ===
=== X Routine Fri Mar 20 08:00:00 CET 2026 ===
=== X Routine Fri Mar 20 14:00:00 CET 2026 ===
=== X Routine Fri Mar 20 20:00:02 CET 2026 ===
=== X Routine Sat Mar 21 08:00:00 CET 2026 ===
=== X Routine Wed Apr  1 08:00:04 CEST 2026 ===
=== X Routine Wed Apr  1 14:00:02 CEST 2026 ===
=== X Routine Wed Apr  1 20:00:03 CEST 2026 ===
=== X Routine Thu Apr  2 08:00:02 CEST 2026 ===
=== X Routine Thu Apr  2 14:00:04 CEST 2026 ===
=== X Routine Thu Apr  2 20:00:01 CEST 2026 ===
=== X Routine Fri Apr  3 08:00:04 CEST 2026 ===
=== X Routine Fri Apr  3 14:00:05 CEST 2026 ===
=== X Routine Fri Apr  3 20:00:00 CEST 2026 ===
=== X Routine Sat Apr  4 08:00:05 CEST 2026 ===
=== X Routine Sat Apr  4 14:00:04 CEST 2026 ===
=== X Routine Sat Apr  4 20:00:00 CEST 2026 ===
=== X Routine Sun Apr  5 08:00:00 CEST 2026 ===
=== X Routine Sun Apr  5 14:00:05 CEST 2026 ===
=== X Routine Sun Apr  5 20:00:00 CEST 2026 ===
=== X Routine Mon Apr  6 08:00:00 CEST 2026 ===
=== X Routine Mon Apr  6 14:00:00 CEST 2026 ===
=== X Routine Mon Apr  6 20:00:00 CEST 2026 ===
=== X Routine Tue Apr  7 08:00:00 CEST 2026 ===
=== X Routine Tue Apr  7 14:00:00 CEST 2026 ===
=== X Routine Tue Apr  7 20:00:00 CEST 2026 ===
